// Jest Snapshot v1, https://goo.gl/fbAQLP

exports[`TestComponent renders 1`] = `
<div
  class="sc-bRKDuR hXXjjt"
  data-test-id="test-component"
>
  <h2
    class="chakra-heading css-eprwor"
  >
    This website is currently being rebuilt
  </h2>
  <p
    class="css-0"
    data-test-id="test-component-text"
  >
    test
  </p>
</div>
`;
